Archive member included to satisfy reference by file (symbol)

/home/li/esp32/workspace/spi_receive/receiver/build/cxx/libcxx.a(cxx_guards.o)
                              (__cxa_guard_dummy)
/home/li/esp32/workspace/spi_receive/receiver/build/esp32/libesp32.a(cpu_start.o)
                              (call_start_cpu0)
/home/li/esp32/workspace/spi_receive/receiver/build/esp32/libesp32.a(crosscore_int.o)
                              /home/li/esp32/workspace/spi_receive/receiver/build/esp32/libesp32.a(cpu_start.o) (esp_crosscore_int_init)
/home/li/esp32/workspace/spi_receive/receiver/build/esp32/libesp32.a(dport_access.o)
                              /home/li/esp32/workspace/spi_receive/receiver/build/esp32/libesp32.a(cpu_start.o) (esp_dport_access_int_init)
/home/li/esp32/workspace/spi_receive/receiver/build/esp32/libesp32.a(heap_alloc_caps.o)
                              /home/li/esp32/workspace/spi_receive/receiver/build/esp32/libesp32.a(cpu_start.o) (heap_alloc_enable_nonos_stack_tag)
/home/li/esp32/workspace/spi_receive/receiver/build/esp32/libesp32.a(intr_alloc.o)
                              /home/li/esp32/workspace/spi_receive/receiver/build/esp32/libesp32.a(crosscore_int.o) (esp_intr_alloc)
/home/li/esp32/workspace/spi_receive/receiver/build/esp32/libesp32.a(int_wdt.o)
                              /home/li/esp32/workspace/spi_receive/receiver/build/esp32/libesp32.a(cpu_start.o) (esp_int_wdt_init)
/home/li/esp32/workspace/spi_receive/receiver/build/esp32/libesp32.a(ipc.o)
                              /home/li/esp32/workspace/spi_receive/receiver/build/esp32/libesp32.a(cpu_start.o) (esp_ipc_init)
/home/li/esp32/workspace/spi_receive/receiver/build/esp32/libesp32.a(panic.o)
                              /home/li/esp32/workspace/spi_receive/receiver/build/cxx/libcxx.a(cxx_guards.o) (abort)
/home/li/esp32/workspace/spi_receive/receiver/build/esp32/libesp32.a(system_api.o)
                              /home/li/esp32/workspace/spi_receive/receiver/build/esp32/libesp32.a(panic.o) (esp_restart_noos)
/home/li/esp32/workspace/spi_receive/receiver/build/esp32/libesp32.a(task_wdt.o)
                              /home/li/esp32/workspace/spi_receive/receiver/build/esp32/libesp32.a(cpu_start.o) (esp_task_wdt_init)
/home/li/esp32/workspace/spi_receive/receiver/build/esp32/libesp32.a(cache_err_int.o)
                              /home/li/esp32/workspace/spi_receive/receiver/build/esp32/libesp32.a(cpu_start.o) (esp_cache_err_int_init)
/home/li/esp32/workspace/spi_receive/receiver/build/esp32/libesp32.a(clk.o)
                              /home/li/esp32/workspace/spi_receive/receiver/build/esp32/libesp32.a(cpu_start.o) (esp_clk_init)
/home/li/esp32/workspace/spi_receive/receiver/build/esp32/libesp32.a(freertos_hooks.o)
                              /home/li/esp32/workspace/spi_receive/receiver/build/esp32/libesp32.a(task_wdt.o) (esp_register_freertos_idle_hook)
/home/li/esp32/esp-idf/components/esp32/libhal.a(int_asm--set_intclear.o)
                              /home/li/esp32/workspace/spi_receive/receiver/build/esp32/libesp32.a(intr_alloc.o) (xthal_set_intclear)
/home/li/esp32/workspace/spi_receive/receiver/build/freertos/libfreertos.a(FreeRTOS-openocd.o)
                              (uxTopUsedPriority)
/home/li/esp32/workspace/spi_receive/receiver/build/freertos/libfreertos.a(heap_regions.o)
                              /home/li/esp32/workspace/spi_receive/receiver/build/esp32/libesp32.a(heap_alloc_caps.o) (pvPortMallocTagged)
/home/li/esp32/workspace/spi_receive/receiver/build/freertos/libfreertos.a(port.o)
                              /home/li/esp32/workspace/spi_receive/receiver/build/esp32/libesp32.a(cpu_start.o) (port_xSchedulerRunning)
/home/li/esp32/workspace/spi_receive/receiver/build/freertos/libfreertos.a(queue.o)
                              /home/li/esp32/workspace/spi_receive/receiver/build/esp32/libesp32.a(ipc.o) (xQueueGenericCreate)
/home/li/esp32/workspace/spi_receive/receiver/build/freertos/libfreertos.a(tasks.o)
                              /home/li/esp32/workspace/spi_receive/receiver/build/esp32/libesp32.a(system_api.o) (vTaskSuspendAll)
/home/li/esp32/workspace/spi_receive/receiver/build/freertos/libfreertos.a(timers.o)
                              /home/li/esp32/workspace/spi_receive/receiver/build/freertos/libfreertos.a(tasks.o) (xTimerCreateTimerTask)
/home/li/esp32/workspace/spi_receive/receiver/build/freertos/libfreertos.a(xtensa_init.o)
                              /home/li/esp32/workspace/spi_receive/receiver/build/freertos/libfreertos.a(port.o) (_xt_tick_divisor_init)
/home/li/esp32/workspace/spi_receive/receiver/build/freertos/libfreertos.a(xtensa_intr.o)
                              /home/li/esp32/workspace/spi_receive/receiver/build/esp32/libesp32.a(intr_alloc.o) (xt_unhandled_interrupt)
/home/li/esp32/workspace/spi_receive/receiver/build/freertos/libfreertos.a(portasm.o)
[...]
Memory Configuration

Name             Origin             Length             Attributes
iram0_0_seg      0x0000000040080000 0x0000000000020000 xr
iram0_2_seg      0x00000000400d0018 0x0000000000330000 xr
dram0_0_seg      0x000000003ffb0000 0x0000000000050000 rw
drom0_0_seg      0x000000003f400010 0x0000000000800000 r
rtc_iram_seg     0x00000000400c0000 0x0000000000002000 xrw
rtc_slow_seg     0x0000000050000000 0x0000000000001000 rw
*default*        0x0000000000000000 0xffffffffffffffff

Linker script and memory map

START GROUP
LOAD /home/li/esp32/workspace/spi_receive/receiver/build/app_update/libapp_update.a
LOAD /home/li/esp32/workspace/spi_receive/receiver/build/bootloader_support/libbootloader_support.a
LOAD /home/li/esp32/workspace/spi_receive/receiver/build/bt/libbt.a
LOAD /home/li/esp32/workspace/spi_receive/receiver/build/coap/libcoap.a
LOAD /home/li/esp32/workspace/spi_receive/receiver/build/cxx/libcxx.a
LOAD /home/li/esp32/workspace/spi_receive/receiver/build/driver/libdriver.a
LOAD /home/li/esp32/workspace/spi_receive/receiver/build/esp32/libesp32.a
LOAD /home/li/esp32/esp-idf/components/esp32/libhal.a
LOAD /home/li/esp32/esp-idf/components/esp32/lib/libcore.a
LOAD /home/li/esp32/esp-idf/components/esp32/lib/librtc.a
LOAD /home/li/esp32/esp-idf/components/esp32/lib/libphy.a
LOAD /home/li/esp32/esp-idf/components/esp32/lib/libcoexist.a
LOAD /home/li/esp32/esp-idf/components/esp32/lib/libnet80211.a
LOAD /home/li/esp32/esp-idf/components/esp32/lib/libpp.a
LOAD /home/li/esp32/esp-idf/components/esp32/lib/libwpa.a
LOAD /home/li/esp32/esp-idf/components/esp32/lib/libsmartconfig.a
LOAD /home/li/esp32/esp-idf/components/esp32/lib/libcoexist.a
LOAD /home/li/esp32/esp-idf/components/esp32/lib/libwps.a
LOAD /home/li/esp32/esp-idf/components/esp32/lib/libwpa2.a
LOAD /home/li/esp32/workspace/spi_receive/receiver/build/ethernet/libethernet.a
LOAD /home/li/esp32/workspace/spi_receive/receiver/build/expat/libexpat.a
LOAD /home/li/esp32/workspace/spi_receive/receiver/build/fatfs/libfatfs.a
LOAD /home/li/esp32/workspace/spi_receive/receiver/build/freertos/libfreertos.a
LOAD /home/li/esp32/workspace/spi_receive/receiver/build/jsmn/libjsmn.a
LOAD /home/li/esp32/workspace/spi_receive/receiver/build/json/libjson.a
LOAD /home/li/esp32/workspace/spi_receive/receiver/build/libsodium/liblibsodium.a
LOAD /home/li/esp32/workspace/spi_receive/receiver/build/log/liblog.a
LOAD /home/li/esp32/workspace/spi_receive/receiver/build/lwip/liblwip.a
LOAD /home/li/esp32/workspace/spi_receive/receiver/build/mbedtls/libmbedtls.a
LOAD /home/li/esp32/workspace/spi_receive/receiver/build/mdns/libmdns.a
LOAD /home/li/esp32/workspace/spi_receive/receiver/build/micro-ecc/libmicro-ecc.a
LOAD /home/li/esp32/esp-idf/components/newlib/lib/libc.a
LOAD /home/li/esp32/esp-idf/components/newlib/lib/libm.a
LOAD /home/li/esp32/workspace/spi_receive/receiver/build/newlib/libnewlib.a
LOAD /home/li/esp32/workspace/spi_receive/receiver/build/nghttp/libnghttp.a
LOAD /home/li/esp32/workspace/spi_receive/receiver/build/nvs_flash/libnvs_flash.a
LOAD /home/li/esp32/workspace/spi_receive/receiver/build/openssl/libopenssl.a
LOAD /home/li/esp32/workspace/spi_receive/receiver/build/sdmmc/libsdmmc.a
LOAD /home/li/esp32/workspace/spi_receive/receiver/build/soc/libsoc.a
LOAD /home/li/esp32/workspace/spi_receive/receiver/build/spi_flash/libspi_flash.a
LOAD /home/li/esp32/workspace/spi_receive/receiver/build/tcpip_adapter/libtcpip_adapter.a
LOAD /home/li/esp32/workspace/spi_receive/receiver/build/ulp/libulp.a
LOAD /home/li/esp32/workspace/spi_receive/receiver/build/vfs/libvfs.a
LOAD /home/li/esp32/workspace/spi_receive/receiver/build/wear_levelling/libwear_levelling.a
LOAD /home/li/esp32/workspace/spi_receive/receiver/build/wpa_supplicant/libwpa_supplicant.a
LOAD /home/li/esp32/workspace/spi_receive/receiver/build/xtensa-debug-module/libxtensa-debug-module.a
LOAD /home/li/esp32/workspace/spi_receive/receiver/build/main/libmain.a
LOAD /esp32/xtensa-esp32-elf/bin/../lib/gcc/xtensa-esp32-elf/5.2.0/libgcc.a
LOAD /esp32/xtensa-esp32-elf/bin/../lib/gcc/xtensa-esp32-elf/5.2.0/../../../../xtensa-esp32-elf/lib/libstdc++.a
END GROUP
                0x0000000040000000                _heap_end = 0x40000000

.rtc.text       0x00000000400c0000        0x0
                0x00000000400c0000                . = ALIGN (0x4)
 *(.rtc.literal .rtc.text)
 *rtc_wake_stub*.o(.literal .text .literal.* .text.*)

.rtc.data       0x0000000050000000        0x0
                0x0000000050000000                _rtc_data_start = ABSOLUTE (.)
 *(.rtc.data)
 *(.rtc.rodata)
 *rtc_wake_stub*.o(.data .rodata .data.* .rodata.* .bss .bss.*)
                0x0000000050000000                _rtc_data_end = ABSOLUTE (.)

.rtc.bss        0x0000000050000000        0x0
                0x0000000050000000                _rtc_bss_start = ABSOLUTE (.)
 *rtc_wake_stub*.o(.bss .bss.*)
 *rtc_wake_stub*.o(COMMON)
                0x0000000050000000                _rtc_bss_end = ABSOLUTE (.)

.iram0.vectors  0x0000000040080000      0x400
                0x0000000040080000                _init_start = ABSOLUTE (.)
                0x0000000000000000                . = 0x0
 *(.WindowVectors.text)
 .WindowVectors.text
                0x0000000040080000      0x16a /home/li/esp32/workspace/spi_receive/receiver/build/freertos/libfreertos.a(xtensa_vectors.o)
                0x0000000040080000                _WindowOverflow4
                0x0000000040080040                _WindowUnderflow4
                0x0000000040080050                _xt_alloca_exc
                0x0000000040080080                _WindowOverflow8
                0x00000000400800c0                _WindowUnderflow8
                0x0000000040080100                _WindowOverflow12
                0x0000000040080140                _WindowUnderflow12
                0x0000000000000180                . = 0x180
 *fill*         0x000000004008016a       0x16 
 *(.Level2InterruptVector.text)
 .Level2InterruptVector.text
                0x0000000040080180        0x6 /home/li/esp32/workspace/spi_receive/receiver/build/freertos/libfreertos.a(xtensa_vectors.o)
                0x0000000040080180                _Level2Vector
                0x00000000000001c0                . = 0x1c0
 *fill*         0x0000000040080186       0x3a 
 *(.Level3InterruptVector.text)
 .Level3InterruptVector.text
                0x00000000400801c0        0x6 /home/li/esp32/workspace/spi_receive/receiver/build/freertos/libfreertos.a(xtensa_vectors.o)
                0x00000000400801c0                _Level3Vector
                0x0000000000000200                . = 0x200
 *fill*         0x00000000400801c6       0x3a 
 *(.Level4InterruptVector.text)
 .Level4InterruptVector.text
                0x0000000040080200        0x6 /home/li/esp32/workspace/spi_receive/receiver/build/freertos/libfreertos.a(xtensa_vectors.o)
                0x0000000040080200                _Level4Vector
                0x0000000000000240                . = 0x240
 *fill*         0x0000000040080206       0x3a 
 *(.Level5InterruptVector.text)
 .Level5InterruptVector.text
                0x0000000040080240        0x6 /home/li/esp32/workspace/spi_receive/receiver/build/freertos/libfreertos.a(xtensa_vectors.o)
                0x0000000040080240                _Level5Vector
                0x0000000000000280                . = 0x280
 *fill*         0x0000000040080246       0x3a 
 *(.DebugExceptionVector.text)
 .DebugExceptionVector.text
                0x0000000040080280        0xf /home/li/esp32/workspace/spi_receive/receiver/build/freertos/libfreertos.a(xtensa_vectors.o)
                0x0000000040080280                _DebugExceptionVector
                0x00000000000002c0                . = 0x2c0
 *fill*         0x000000004008028f       0x31 
 *(.NMIExceptionVector.text)
 .NMIExceptionVector.text
                0x00000000400802c0        0x6 /home/li/esp32/workspace/spi_receive/receiver/build/freertos/libfreertos.a(xtensa_vectors.o)
                0x00000000400802c0                _NMIExceptionVector
                0x0000000000000300                . = 0x300
 *fill*         0x00000000400802c6       0x3a 
 *(.KernelExceptionVector.text)
 .KernelExceptionVector.text
                0x0000000040080300        0x6 /home/li/esp32/workspace/spi_receive/receiver/build/freertos/libfreertos.a(xtensa_vectors.o)
                0x0000000040080300                _KernelExceptionVector
                0x0000000000000340                . = 0x340
 *fill*         0x0000000040080306       0x3a 
 *(.UserExceptionVector.text)
 .UserExceptionVector.text
                0x0000000040080340        0x6 /home/li/esp32/workspace/spi_receive/receiver/build/freertos/libfreertos.a(xtensa_vectors.o)
                0x0000000040080340                _UserExceptionVector
                0x00000000000003c0                . = 0x3c0
 *fill*         0x0000000040080346       0x7a 
 *(.DoubleExceptionVector.text)
 .DoubleExceptionVector.text
                0x00000000400803c0        0xf /home/li/esp32/workspace/spi_receive/receiver/build/freertos/libfreertos.a(xtensa_vectors.o)
                0x00000000400803c0                _DoubleExceptionVector
                0x0000000000000400                . = 0x400
 *fill*         0x00000000400803cf       0x31 
 *(.*Vector.literal)
 *(.UserEnter.literal)
 *(.UserEnter.text)
                0x0000000040080400                . = ALIGN (0x10)
 *(.entry.text)
 *(.init.literal)
 *(.init)
                0x0000000040080400                _init_end = ABSOLUTE (.)
                0x0000000000000000                _iram_start = 0x0

.iram0.text     0x0000000040080400     0x75c4
                0x0000000040080400                _iram_text_start = ABSOLUTE (.)
 *(.iram1 .iram1.*)
 .iram1.literal
                0x0000000040080400       0xa4 /home/li/esp32/workspace/spi_receive/receiver/build/esp32/libesp32.a(cpu_start.o)
                                        0x17c (size before relaxing)
 .iram1.literal
                0x00000000400804a4       0x1c /home/li/esp32/workspace/spi_receive/receiver/build/esp32/libesp32.a(crosscore_int.o)
                                         0x40 (size before relaxing)
 .iram1.literal
                0x00000000400804c0       0x34 /home/li/esp32/workspace/spi_receive/receiver/build/esp32/libesp32.a(dport_access.o)
                                         0x54 (size before relaxing)
 .iram1.literal
                0x00000000400804f4       0x14 /home/li/esp32/workspace/spi_receive/receiver/build/esp32/libesp32.a(intr_alloc.o)
                                         0x5c (size before relaxing)
 .iram1.literal
                0x0000000040080508        0xc /home/li/esp32/workspace/spi_receive/receiver/build/esp32/libesp32.a(int_wdt.o)
 .iram1.literal
                0x0000000040080514       0x20 /home/li/esp32/workspace/spi_receive/receiver/build/esp32/libesp32.a(ipc.o)
                                         0x34 (size before relaxing)
 .iram1.literal
                0x0000000040080534       0x3c /home/li/esp32/workspace/spi_receive/receiver/build/esp32/libesp32.a(system_api.o)
                                         0x64 (size before relaxing)
 .iram1.literal
                0x0000000040080570        0xc /home/li/esp32/workspace/spi_receive/receiver/build/esp32/libesp32.a(cache_err_int.o)
 .iram1.literal
                0x000000004008057c        0x8 /home/li/esp32/workspace/spi_receive/receiver/build/esp32/libesp32.a(clk.o)
 .iram1.literal
                0x0000000040080584        0x4 /home/li/esp32/workspace/spi_receive/receiver/build/esp32/libesp32.a(freertos_hooks.o)
 .iram1.literal
                0x0000000040080588       0x50 /home/li/esp32/workspace/spi_receive/receiver/build/freertos/libfreertos.a(xtensa_vectors.o)
                                         0x80 (size before relaxing)
 .iram1.literal
                0x00000000400805d8       0x28 /home/li/esp32/workspace/spi_receive/receiver/build/log/liblog.a(log.o)
                                         0x48 (size before relaxing)
 .iram1.literal
                0x0000000040080600       0x14 /home/li/esp32/workspace/spi_receive/receiver/build/newlib/libnewlib.a(locks.o)
                                         0x90 (size before relaxing)
 .iram1.literal
                0x0000000040080614        0x8 /home/li/esp32/workspace/spi_receive/receiver/build/newlib/libnewlib.a(reent_init.o)
                                         0x10 (size before relaxing)
 .iram1.literal
                0x000000004008061c        0x0 /home/li/esp32/workspace/spi_receive/receiver/build/newlib/libnewlib.a(syscalls.o)
                                         0x20 (size before relaxing)
 .iram1.literal
                0x000000004008061c       0x1c /home/li/esp32/workspace/spi_receive/receiver/build/newlib/libnewlib.a(time.o)
                                         0x34 (size before relaxing)
 .iram1.literal
                0x0000000040080638       0x18 /home/li/esp32/workspace/spi_receive/receiver/build/soc/libsoc.a(cpu_util.o)
                                         0x2c (size before relaxing)
 .iram1.literal
                0x0000000040080650       0x4c /home/li/esp32/workspace/spi_receive/receiver/build/spi_flash/libspi_flash.a(cache_utils.o)
                                        0x140 (size before relaxing)
 .iram1.literal
                0x000000004008069c       0x2c /home/li/esp32/workspace/spi_receive/receiver/build/spi_flash/libspi_flash.a(flash_ops.o)
                                         0xb4 (size before relaxing)
 .iram1.literal
                0x00000000400806c8       0x48 /home/li/esp32/workspace/spi_receive/receiver/build/spi_flash/libspi_flash.a(flash_mmap.o)
                                         0xd4 (size before relaxing)
 .iram1.literal
                0x0000000040080710       0x30 /home/li/esp32/workspace/spi_receive/receiver/build/vfs/libvfs.a(vfs_uart.o)
                                         0x88 (size before relaxing)
 .iram1.literal
                0x0000000040080740       0x38 /home/li/esp32/workspace/spi_receive/receiver/build/driver/libdriver.a(spi_slave.o)
                                         0x7c (size before relaxing)
 .iram1.literal
                0x0000000040080778       0x1c /home/li/esp32/workspace/spi_receive/receiver/build/driver/libdriver.a(spi_common.o)
                                         0x84 (size before relaxing)
 .literal.prvInsertBlockIntoFreeList
                0x0000000040080794        0xc /home/li/esp32/workspace/spi_receive/receiver/build/freertos/libfreertos.a(heap_regions.o)
                                         0x14 (size before relaxing)
 .literal.pvPortMallocTagged
                0x00000000400807a0       0x1c /home/li/esp32/workspace/spi_receive/receiver/build/freertos/libfreertos.a(heap_regions.o)
                                         0x44 (size before relaxing)
 .literal.vPortFreeTagged
                0x00000000400807bc        0x4 /home/li/esp32/workspace/spi_receive/receiver/build/freertos/libfreertos.a(heap_regions.o)
                                         0x38 (size before relaxing)
 .literal.vPortDefineHeapRegionsTagged
                0x00000000400807c0        0x4 /home/li/esp32/workspace/spi_receive/receiver/build/freertos/libfreertos.a(heap_regions.o)
                                         0x64 (size before relaxing)
 .literal.pxPortInitialiseStack
                0x00000000400807c4        0x4 /home/li/esp32/workspace/spi_receive/receiver/build/freertos/libfreertos.a(port.o)
                                          0x8 (size before relaxing)
 .literal.xPortStartScheduler
                0x00000000400807c8        0x0 /home/li/esp32/workspace/spi_receive/receiver/build/freertos/libfreertos.a(port.o)
                                         0x14 (size before relaxing)
 .literal.xPortSysTickHandler
                0x00000000400807c8        0x0 /home/li/esp32/workspace/spi_receive/receiver/build/freertos/libfreertos.a(port.o)
                                          0x8 (size before relaxing)
 .literal.vPortYieldOtherCore
                0x00000000400807c8        0x0 /home/li/esp32/workspace/spi_receive/receiver/build/freertos/libfreertos.a(port.o)
                                          0x4 (size before relaxing)
 .literal.vPortReleaseTaskMPUSettings
                0x00000000400807c8        0x0 /home/li/esp32/workspace/spi_receive/receiver/build/freertos/libfreertos.a(port.o)
                                          0x4 (size before relaxing)
 .literal.xPortInIsrContext
                0x00000000400807c8        0x4 /home/li/esp32/workspace/spi_receive/receiver/build/freertos/libfreertos.a(port.o)
                                          0x8 (size before relaxing)
 .literal.vPortCPUInitializeMutex
                0x00000000400807cc        0x4 /home/li/esp32/workspace/spi_receive/receiver/build/freertos/libfreertos.a(port.o)
 .literal.vPortCPUAcquireMutex
                0x00000000400807d0        0x8 /home/li/esp32/workspace/spi_receive/receiver/build/freertos/libfreertos.a(port.o)
                                         0x10 (size before relaxing)
 .literal.vPortCPUReleaseMutex
                0x00000000400807d8        0x0 /home/li/esp32/workspace/spi_receive/receiver/build/freertos/libfreertos.a(port.o)
                                         0x10 (size before relaxing)
 .literal.vPortFirstTaskHook
                0x00000000400807d8        0x0 /home/li/esp32/workspace/spi_receive/receiver/build/freertos/libfreertos.a(port.o)
                                          0x4 (size before relaxing)
 .literal.prvIsQueueFull
                0x00000000400807d8        0x0 /home/li/esp32/workspace/spi_receive/receiver/build/freertos/libfreertos.a(queue.o)
                                          0x8 (size before relaxing)
 .literal.prvCopyDataToQueue
                0x00000000400807d8        0x0 /home/li/esp32/workspace/spi_receive/receiver/build/freertos/libfreertos.a(queue.o)
                                          0xc (size before relaxing)
 .literal.prvNotifyQueueSetContainer
                0x00000000400807d8       0x14 /home/li/esp32/workspace/spi_receive/receiver/build/freertos/libfreertos.a(queue.o)
                                         0x2c (size before relaxing)
 .literal.prvCopyDataFromQueue
                0x00000000400807ec        0x0 /home/li/esp32/workspace/spi_receive/receiver/build/freertos/libfreertos.a(queue.o)
                                          0x4 (size before relaxing)
 .literal.xQueueGenericReset
                0x00000000400807ec        0x4 /home/li/esp32/workspace/spi_receive/receiver/build/freertos/libfreertos.a(queue.o)
                                         0x30 (size before relaxing)
 .literal.prvInitialiseNewQueue
                0x00000000400807f0        0x0 /home/li/esp32/workspace/spi_receive/receiver/build/freertos/libfreertos.a(queue.o)
                                          0x4 (size before relaxing)
 .literal.xQueueGenericCreate
                0x00000000400807f0        0x4 /home/li/esp32/workspace/spi_receive/receiver/build/freertos/libfreertos.a(queue.o)
                                         0x1c (size before relaxing)
 .literal.xQueueGetMutexHolder
                0x00000000400807f4        0x0 /home/li/esp32/workspace/spi_receive/receiver/build/freertos/libfreertos.a(queue.o)
                                          0x8 (size before relaxing)
 .literal.xQueueGenericSend
                0x00000000400807f4        0x4 /home/li/esp32/workspace/spi_receive/receiver/build/freertos/libfreertos.a(queue.o)
                                         0x7c (size before relaxing)
 .literal.prvInitialiseMutex
                0x00000000400807f8        0x0 /home/li/esp32/workspace/spi_receive/receiver/build/freertos/libfreertos.a(queue.o)
                                          0x8 (size before relaxing)
 .literal.xQueueCreateMutex
                0x00000000400807f8        0x0 /home/li/esp32/workspace/spi_receive/receiver/build/freertos/libfreertos.a(queue.o)
                                          0x8 (size before relaxing)
 .literal.xQueueGiveMutexRecursive
                0x00000000400807f8        0x4 /home/li/esp32/workspace/spi_receive/receiver/build/freertos/libfreertos.a(queue.o)
                                         0x1c (size before relaxing)
 .literal.xQueueGenericSendFromISR
                0x00000000400807fc        0x4 /home/li/esp32/workspace/spi_receive/receiver/build/freertos/libfreertos.a(queue.o)
                                         0x3c (size before relaxing)
 .literal.xQueueGiveFromISR
                0x0000000040080800        0x4 /home/li/esp32/workspace/spi_receive/receiver/build/freertos/libfreertos.a(queue.o)
                                         0x30 (size before relaxing)
 .literal.xQueueGenericReceive
                0x0000000040080804        0x4 /home/li/esp32/workspace/spi_receive/receiver/build/freertos/libfreertos.a(queue.o)
                                         0x78 (size before relaxing)
 .literal.xQueueTakeMutexRecursive
                0x0000000040080808        0x4 /home/li/esp32/workspace/spi_receive/receiver/build/freertos/libfreertos.a(queue.o)
                                         0x1c (size before relaxing)
 .literal.xQueueReceiveFromISR
                0x000000004008080c        0x4 /home/li/esp32/workspace/spi_receive/receiver/build/freertos/libfreertos.a(queue.o)
                                         0x30 (size before relaxing)
 .literal.vQueueDelete
                0x0000000040080810        0x4 /home/li/esp32/workspace/spi_receive/receiver/build/freertos/libfreertos.a(queue.o)
                                         0x18 (size before relaxing)
 .literal.vQueueWaitForMessageRestricted
                0x0000000040080814        0x0 /home/li/esp32/workspace/spi_receive/receiver/build/freertos/libfreertos.a(queue.o)
                                          0xc (size before relaxing)
 .literal.prvResetNextTaskUnblockTime
                0x0000000040080814        0x8 /home/li/esp32/workspace/spi_receive/receiver/build/freertos/libfreertos.a(tasks.o)
 .literal.prvInitialiseNewTask
                0x000000004008081c        0x0 /home/li/esp32/workspace/spi_receive/receiver/build/freertos/libfreertos.a(tasks.o)
                                         0x18 (size before relaxing)
 .literal.prvInitialiseTaskLists
                0x000000004008081c       0x20 /home/li/esp32/workspace/spi_receive/receiver/build/freertos/libfreertos.a(tasks.o)
                                         0x40 (size before relaxing)
 .literal.prvAddCurrentTaskToDelayedList
                0x000000004008083c        0x4 /home/li/esp32/workspace/spi_receive/receiver/build/freertos/libfreertos.a(tasks.o)
                                         0x1c (size before relaxing)
 .literal.prvDeleteTCB
                0x0000000040080840       0x10 /home/li/esp32/workspace/spi_receive/receiver/build/freertos/libfreertos.a(tasks.o)
                                         0x2c (size before relaxing)
 .literal.taskYIELD_OTHER_CORE
                0x0000000040080850        0x0 /home/li/esp32/workspace/spi_receive/receiver/build/freertos/libfreertos.a(tasks.o)
                                         0x10 (size before relaxing)
 .literal.vTaskSuspendAll
                0x0000000040080850        0x4 /home/li/esp32/workspace/spi_receive/receiver/build/freertos/libfreertos.a(tasks.o)
                                          0x8 (size before relaxing)
 .literal.vTaskSwitchContext
                0x0000000040080854       0x14 /home/li/esp32/workspace/spi_receive/receiver/build/freertos/libfreertos.a(tasks.o)
                                         0x38 (size before relaxing)
 .literal.vTaskSetTimeOutState
                0x0000000040080868        0xc /home/li/esp32/workspace/spi_receive/receiver/build/freertos/libfreertos.a(tasks.o)
                                         0x20 (size before relaxing)
 .literal.xTaskGetCurrentTaskHandle
                0x0000000040080874        0x0 /home/li/esp32/workspace/spi_receive/receiver/build/freertos/libfreertos.a(tasks.o)
                                          0x8 (size before relaxing)
 .literal.__getreent
                0x0000000040080874        0x0 /home/li/esp32/workspace/spi_receive/receiver/build/freertos/libfreertos.a(tasks.o)
                                          0x8 (size before relaxing)
 .literal.pcTaskGetTaskName
                0x0000000040080874        0x8 /home/li/esp32/workspace/spi_receive/receiver/build/freertos/libfreertos.a(tasks.o)
                                         0x1c (size before relaxing)
 .literal.xTaskGetAffinity
                0x000000004008087c        0x0 /home/li/esp32/workspace/spi_receive/receiver/build/freertos/libfreertos.a(tasks.o)
                                          0x4 (size before relaxing)
 .literal.xTaskGetCurrentTaskHandleForCPU
                0x000000004008087c        0x0 /home/li/esp32/workspace/spi_receive/receiver/build/freertos/libfreertos.a(tasks.o)
                                          0x4 (size before relaxing)
 .literal.xTaskGetSchedulerState
                0x000000004008087c        0x4 /home/li/esp32/workspace/spi_receive/receiver/build/freertos/libfreertos.a(tasks.o)
                                          0xc (size before relaxing)
 .literal.vTaskEnterCritical
                0x0000000040080880        0x0 /home/li/esp32/workspace/spi_receive/receiver/build/freertos/libfreertos.a(tasks.o)
                                          0xc (size before relaxing)
 .literal.vTaskExitCritical
                0x0000000040080880        0x0 /home/li/esp32/workspace/spi_receive/receiver/build/freertos/libfreertos.a(tasks.o)
                                         0x10 (size before relaxing)
 .literal.prvAddNewTaskToReadyList
                0x0000000040080880       0x10 /home/li/esp32/workspace/spi_receive/receiver/build/freertos/libfreertos.a(tasks.o)
                                         0x5c (size before relaxing)
 .literal.xTaskCreatePinnedToCore
                0x0000000040080890        0x0 /home/li/esp32/workspace/spi_receive/receiver/build/freertos/libfreertos.a(tasks.o)
                                         0x14 (size before relaxing)
 .literal.vTaskStartScheduler
                0x0000000040080890       0x10 /home/li/esp32/workspace/spi_receive/receiver/build/freertos/libfreertos.a(tasks.o)
                                         0x34 (size before relaxing)
 .literal.vTaskDelete
                0x00000000400808a0        0x8 /home/li/esp32/workspace/spi_receive/receiver/build/freertos/libfreertos.a(tasks.o)
                                         0x5c (size before relaxing)
 .literal.prvCheckTasksWaitingTermination
                0x00000000400808a8        0x0 /home/li/esp32/workspace/spi_receive/receiver/build/freertos/libfreertos.a(tasks.o)
                                         0x24 (size before relaxing)
 .literal.prvIdleTask
                0x00000000400808a8        0x0 /home/li/esp32/workspace/spi_receive/receiver/build/freertos/libfreertos.a(tasks.o)
                                          0x8 (size before relaxing)
 .literal.xTaskGetTickCount
                0x00000000400808a8        0x4 /home/li/esp32/workspace/spi_receive/receiver/build/freertos/libfreertos.a(tasks.o)
                                         0x10 (size before relaxing)
 .literal.xTaskIncrementTick
                0x00000000400808ac        0xc /home/li/esp32/workspace/spi_receive/receiver/build/freertos/libfreertos.a(tasks.o)
                                         0x78 (size before relaxing)
 .literal.xTaskResumeAll
                0x00000000400808b8        0x8 /home/li/esp32/workspace/spi_receive/receiver/build/freertos/libfreertos.a(tasks.o)
                                         0x5c (size before relaxing)
 .literal.vTaskPlaceOnEventList
                0x00000000400808c0        0x8 /home/li/esp32/workspace/spi_receive/receiver/build/freertos/libfreertos.a(tasks.o)
                                         0x40 (size before relaxing)
 .literal.vTaskPlaceOnEventListRestricted
                0x00000000400808c8        0x8 /home/li/esp32/workspace/spi_receive/receiver/build/freertos/libfreertos.a(tasks.o)
                                         0x38 (size before relaxing)
 .literal.xTaskRemoveFromEventList
                0x00000000400808d0        0x8 /home/li/esp32/workspace/spi_receive/receiver/build/freertos/libfreertos.a(tasks.o)
                                         0x58 (size before relaxing)
 .literal.xTaskCheckForTimeOut
                0x00000000400808d8        0xc /home/li/esp32/workspace/spi_receive/receiver/build/freertos/libfreertos.a(tasks.o)
                                         0x3c (size before relaxing)
 .literal.vTaskPriorityInherit
                0x00000000400808e4        0x0 /home/li/esp32/workspace/spi_receive/receiver/build/freertos/libfreertos.a(tasks.o)
                                         0x2c (size before relaxing)
 .literal.xTaskPriorityDisinherit
                0x00000000400808e4        0x8 /home/li/esp32/workspace/spi_receive/receiver/build/freertos/libfreertos.a(tasks.o)
                                         0x40 (size before relaxing)
 .literal.pvTaskIncrementMutexHeldCount
                0x00000000400808ec        0x0 /home/li/esp32/workspace/spi_receive/receiver/build/freertos/libfreertos.a(tasks.o)
                                         0x10 (size before relaxing)
 .literal.prvGetNextExpireTime
                0x00000000400808ec        0x4 /home/li/esp32/workspace/spi_receive/receiver/build/freertos/libfreertos.a(timers.o)
 .literal.prvInsertTimerInActiveList
                0x00000000400808f0        0x4 /home/li/esp32/workspace/spi_receive/receiver/build/freertos/libfreertos.a(timers.o)
                                         0x10 (size before relaxing)
 .literal.prvCheckForValidListAndQueue
                0x00000000400808f4       0x1c /home/li/esp32/workspace/spi_receive/receiver/build/freertos/libfreertos.a(timers.o)
                                         0x44 (size before relaxing)
 .literal.xTimerCreateTimerTask
                0x0000000040080910       0x10 /home/li/esp32/workspace/spi_receive/receiver/build/freertos/libfreertos.a(timers.o)
                                         0x2c (size before relaxing)
 .literal.xTimerGenericCommand
                0x0000000040080920        0x0 /home/li/esp32/workspace/spi_receive/receiver/build/freertos/libfreertos.a(timers.o)
                                         0x14 (size before relaxing)
 .literal.prvSwitchTimerLists
                0x0000000040080920        0x4 /home/li/esp32/workspace/spi_receive/receiver/build/freertos/libfreertos.a(timers.o)
                                         0x28 (size before relaxing)
 .literal.prvSampleTimeNow
                0x0000000040080924        0x4 /home/li/esp32/workspace/spi_receive/receiver/build/freertos/libfreertos.a(timers.o)
                                          0xc (size before relaxing)
 .literal.prvProcessExpiredTimer
                0x0000000040080928        0x4 /home/li/esp32/workspace/spi_receive/receiver/build/freertos/libfreertos.a(timers.o)
                                         0x24 (size before relaxing)
 .literal.prvProcessTimerOrBlockTask
                0x000000004008092c        0x0 /home/li/esp32/workspace/spi_receive/receiver/build/freertos/libfreertos.a(timers.o)
                                         0x24 (size before relaxing)
 .literal.prvProcessReceivedCommands
                0x000000004008092c        0x8 /home/li/esp32/workspace/spi_receive/receiver/build/freertos/libfreertos.a(timers.o)
                                         0x40 (size before relaxing)
 .literal.prvTimerTask
                0x0000000040080934        0x0 /home/li/esp32/workspace/spi_receive/receiver/build/freertos/libfreertos.a(timers.o)
                                          0xc (size before relaxing)
 .literal._xt_tick_divisor_init
                0x0000000040080934        0x8 /home/li/esp32/workspace/spi_receive/receiver/build/freertos/libfreertos.a(xtensa_init.o)
 .literal.xt_unhandled_interrupt
                0x000000004008093c        0x4 /home/li/esp32/workspace/spi_receive/receiver/build/freertos/libfreertos.a(xtensa_intr.o)
                                          0x8 (size before relaxing)
 .literal.xt_set_interrupt_handler
                0x0000000040080940        0x8 /home/li/esp32/workspace/spi_receive/receiver/build/freertos/libfreertos.a(xtensa_intr.o)
                                          0xc (size before relaxing)
 .literal       0x0000000040080948        0xc /home/li/esp32/workspace/spi_receive/receiver/build/freertos/libfreertos.a(portasm.o)
                                         0x54 (size before relaxing)
 .literal       0x0000000040080954        0x0 /home/li/esp32/workspace/spi_receive/receiver/build/freertos/libfreertos.a(xtensa_context.o)
                                         0x10 (size before relaxing)
 .literal.panicPutChar
                0x0000000040080954        0x4 /home/li/esp32/workspace/spi_receive/receiver/build/esp32/libesp32.a(panic.o)
                                          0x8 (size before relaxing)
 .literal.panicPutStr
                0x0000000040080958        0x0 /home/li/esp32/workspace/spi_receive/receiver/build/esp32/libesp32.a(panic.o)
                                          0x4 (size before relaxing)
 .literal.panicPutHex
                0x0000000040080958        0x0 /home/li/esp32/workspace/spi_receive/receiver/build/esp32/libesp32.a(panic.o)
                                          0x8 (size before relaxing)
 .literal.panicPutDec
                0x0000000040080958        0x4 /home/li/esp32/workspace/spi_receive/receiver/build/esp32/libesp32.a(panic.o)
                                         0x10 (size before relaxing)
 .literal.reconfigureAllWdts
                0x000000004008095c        0xc /home/li/esp32/workspace/spi_receive/receiver/build/esp32/libesp32.a(panic.o)
                                         0x24 (size before relaxing)
 .literal.putEntry
                0x0000000040080968       0x10 /home/li/esp32/workspace/spi_receive/receiver/build/esp32/libesp32.a(panic.o)
                                         0x20 (size before relaxing)
 .literal.doBacktrace
                0x0000000040080978       0x10 /home/li/esp32/workspace/spi_receive/receiver/build/esp32/libesp32.a(panic.o)
                                         0x24 (size before relaxing)
 .literal.invoke_abort
                0x0000000040080988        0x4 /home/li/esp32/workspace/spi_receive/receiver/build/esp32/libesp32.a(panic.o)
                                          0x8 (size before relaxing)
 .literal.haltOtherCore
                0x000000004008098c        0x0 /home/li/esp32/workspace/spi_receive/receiver/build/esp32/libesp32.a(panic.o)
                                          0x4 (size before relaxing)
 .literal.esp_panic_wdt_start
                0x000000004008098c       0x14 /home/li/esp32/workspace/spi_receive/receiver/build/esp32/libesp32.a(panic.o)
                                         0x2c (size before relaxing)
 .literal.esp_panic_dig_reset
                0x00000000400809a0        0x0 /home/li/esp32/workspace/spi_receive/receiver/build/esp32/libesp32.a(panic.o)
                                         0x14 (size before relaxing)
 .literal.abort
                0x00000000400809a0        0x8 /home/li/esp32/workspace/spi_receive/receiver/build/esp32/libesp32.a(panic.o)
                                         0x10 (size before relaxing)
 .literal.vApplicationStackOverflowHook
                0x00000000400809a8        0x8 /home/li/esp32/workspace/spi_receive/receiver/build/esp32/libesp32.a(panic.o)
                                         0x18 (size before relaxing)
 .literal.esp_panic_wdt_stop
                0x00000000400809b0        0x0 /home/li/esp32/workspace/spi_receive/receiver/build/esp32/libesp32.a(panic.o)
                                         0x18 (size before relaxing)
 .literal.commonErrorHandler
                0x00000000400809b0       0x18 /home/li/esp32/workspace/spi_receive/receiver/build/esp32/libesp32.a(panic.o)
                                         0x54 (size before relaxing)
 .literal.panicHandler
                0x00000000400809c8       0x34 /home/li/esp32/workspace/spi_receive/receiver/build/esp32/libesp32.a(panic.o)
                                         0x8c (size before relaxing)
 .literal.xt_unhandled_exception
                0x00000000400809fc       0x1c /home/li/esp32/workspace/spi_receive/receiver/build/esp32/libesp32.a(panic.o)
                                         0x58 (size before relaxing)
 .literal.esp_set_breakpoint_if_jtag
                0x0000000040080a18        0x0 /home/li/esp32/workspace/spi_receive/receiver/build/esp32/libesp32.a(panic.o)
                                          0x8 (size before relaxing)
 .literal._esp_error_check_failed
                0x0000000040080a18        0xc /home/li/esp32/workspace/spi_receive/receiver/build/esp32/libesp32.a(panic.o)
                                         0x1c (size before relaxing)
 .literal.disable_mem_region
                0x0000000040080a24        0xc /home/li/esp32/workspace/spi_receive/receiver/build/esp32/libesp32.a(heap_alloc_caps.o)
                                         0x14 (size before relaxing)
 .literal.dram_alloc_to_iram_addr
                0x0000000040080a30       0x18 /home/li/esp32/workspace/spi_receive/receiver/build/esp32/libesp32.a(heap_alloc_caps.o)
                                         0x38 (size before relaxing)
 .literal.heap_alloc_enable_nonos_stack_tag
                0x0000000040080a48        0x4 /home/li/esp32/workspace/spi_receive/receiver/build/esp32/libesp32.a(heap_alloc_caps.o)
 .literal.heap_alloc_caps_init
                0x0000000040080a4c       0x44 /home/li/esp32/workspace/spi_receive/receiver/build/esp32/libesp32.a(heap_alloc_caps.o)
                                         0x84 (size before relaxing)
 .literal.vPortFree
                0x0000000040080a90        0x8 /home/li/esp32/workspace/spi_receive/receiver/build/esp32/libesp32.a(heap_alloc_caps.o)
                                         0x10 (size before relaxing)
 .literal.pvPortMallocCaps
                0x0000000040080a98        0x0 /home/li/esp32/workspace/spi_receive/receiver/build/esp32/libesp32.a(heap_alloc_caps.o)
                                         0x18 (size before relaxing)
 .literal.pvPortMalloc
                0x0000000040080a98        0x0 /home/li/esp32/workspace/spi_receive/receiver/build/esp32/libesp32.a(heap_alloc_caps.o)
                                          0x4 (size before relaxing)
 .literal.rtc_clk_32k_enable_internal
                0x0000000040080a98       0x14 /home/li/esp32/workspace/spi_receive/receiver/build/soc/libsoc.a(rtc_clk.o)
 .literal.rtc_clk_32k_enable
                0x0000000040080aac        0x4 /home/li/esp32/workspace/spi_receive/receiver/build/soc/libsoc.a(rtc_clk.o)
                                          0xc (size before relaxing)
 .literal.rtc_clk_slow_freq_set
                0x0000000040080ab0        0x4 /home/li/esp32/workspace/spi_receive/receiver/build/soc/libsoc.a(rtc_clk.o)
                                          0xc (size before relaxing)
 .literal.rtc_clk_slow_freq_get
                0x0000000040080ab4        0x0 /home/li/esp32/workspace/spi_receive/receiver/build/soc/libsoc.a(rtc_clk.o)
                                          0x4 (size before relaxing)
 .literal.rtc_clk_slow_freq_get_hz
                0x0000000040080ab4        0xc /home/li/esp32/workspace/spi_receive/receiver/build/soc/libsoc.a(rtc_clk.o)
                                         0x10 (size before relaxing)
 .literal.rtc_clk_fast_freq_set
                0x0000000040080ac0        0x0 /home/li/esp32/workspace/spi_receive/receiver/build/soc/libsoc.a(rtc_clk.o)
                                          0xc (size before relaxing)
 .literal.rtc_clk_bbpll_set
                0x0000000040080ac0        0x8 /home/li/esp32/workspace/spi_receive/receiver/build/soc/libsoc.a(rtc_clk.o)
                                         0x30 (size before relaxing)
 .literal.rtc_clk_xtal_freq_get
                0x0000000040080ac8        0xc /home/li/esp32/workspace/spi_receive/receiver/build/soc/libsoc.a(rtc_clk.o)
                                         0x1c (size before relaxing)
 .literal.rtc_clk_apb_freq_update
                0x0000000040080ad4        0x4 /home/li/esp32/workspace/spi_receive/receiver/build/soc/libsoc.a(rtc_clk.o)
                                          0x8 (size before relaxing)
 .literal.rtc_clk_cpu_freq_set
                0x0000000040080ad8       0x24 /home/li/esp32/workspace/spi_receive/receiver/build/soc/libsoc.a(rtc_clk.o)
                                         0x94 (size before relaxing)
 .literal.rtc_clk_apb_freq_get
                0x0000000040080afc        0x0 /home/li/esp32/workspace/spi_receive/receiver/build/soc/libsoc.a(rtc_clk.o)
                                          0x8 (size before relaxing)
 .literal.rtc_init
                0x0000000040080afc       0x6c /home/li/esp32/workspace/spi_receive/receiver/build/soc/libsoc.a(rtc_init.o)
                                        0x100 (size before relaxing)
 .literal.rtc_clk_cal_internal
                0x0000000040080b68       0x10 /home/li/esp32/workspace/spi_receive/receiver/build/soc/libsoc.a(rtc_time.o)
                                         0x3c (size before relaxing)
 .literal.rtc_clk_cal
                0x0000000040080b78        0x0 /home/li/esp32/workspace/spi_receive/receiver/build/soc/libsoc.a(rtc_time.o)
                                          0xc (size before relaxing)
 .literal.rtc_time_get
                0x0000000040080b78       0x10 /home/li/esp32/workspace/spi_receive/receiver/build/soc/libsoc.a(rtc_time.o)
                                         0x18 (size before relaxing)
 .literal       0x0000000040080b88        0x0 /home/li/esp32/esp-idf/components/esp32/libhal.a(windowspill_asm.o)
                                          0x4 (size before relaxing)
 .literal.esp_rom_spiflash_read_status
                0x0000000040080b88       0x10 /home/li/esp32/workspace/spi_receive/receiver/build/spi_flash/libspi_flash.a(spi_flash_rom_patch.o)
                                         0x14 (size before relaxing)
 .literal.esp_rom_spiflash_wait_idle
                0x0000000040080b98        0x8 /home/li/esp32/workspace/spi_receive/receiver/build/spi_flash/libspi_flash.a(spi_flash_rom_patch.o)
                                          0xc (size before relaxing)
 .literal.esp_rom_spiflash_erase_block_internal
                0x0000000040080ba0        0x4 /home/li/esp32/workspace/spi_receive/receiver/build/spi_flash/libspi_flash.a(spi_flash_rom_patch.o)
                                         0x18 (size before relaxing)
 .literal.esp_rom_spiflash_erase_sector_internal
                0x0000000040080ba4        0x0 /home/li/esp32/workspace/spi_receive/receiver/build/spi_flash/libspi_flash.a(spi_flash_rom_patch.o)
                                         0x18 (size before relaxing)
 .literal.esp_rom_spiflash_read_data
                0x0000000040080ba4       0x1c /home/li/esp32/workspace/spi_receive/receiver/build/spi_flash/libspi_flash.a(spi_flash_rom_patch.o)
                                         0x34 (size before relaxing)
 .literal.esp_rom_spiflash_enable_write
                0x0000000040080bc0        0x0 /home/li/esp32/workspace/spi_receive/receiver/build/spi_flash/libspi_flash.a(spi_flash_rom_patch.o)
                                         0x10 (size before relaxing)
 .literal.esp_rom_spiflash_program_page_internal
                0x0000000040080bc0        0xc /home/li/esp32/workspace/spi_receive/receiver/build/spi_flash/libspi_flash.a(spi_flash_rom_patch.o)
                                         0x40 (size before relaxing)
 .literal.esp_rom_spiflash_read_statushigh
                0x0000000040080bcc        0x4 /home/li/esp32/workspace/spi_receive/receiver/build/spi_flash/libspi_flash.a(spi_flash_rom_patch.o)
                                          0xc (size before relaxing)
 .literal.esp_rom_spiflash_write_status
                0x0000000040080bd0        0x4 /home/li/esp32/workspace/spi_receive/receiver/build/spi_flash/libspi_flash.a(spi_flash_rom_patch.o)
                                         0x14 (size before relaxing)
 .literal.esp_rom_spiflash_unlock
                0x0000000040080bd4        0x4 /home/li/esp32/workspace/spi_receive/receiver/build/spi_flash/libspi_flash.a(spi_flash_rom_patch.o)
                                         0x28 (size before relaxing)
 .literal.esp_rom_spiflash_erase_block
                0x0000000040080bd8        0xc /home/li/esp32/workspace/spi_receive/receiver/build/spi_flash/libspi_flash.a(spi_flash_rom_patch.o)
                                         0x20 (size before relaxing)
 .literal.esp_rom_spiflash_erase_sector
                0x0000000040080be4        0x0 /home/li/esp32/workspace/spi_receive/receiver/build/spi_flash/libspi_flash.a(spi_flash_rom_patch.o)
                                         0x20 (size before relaxing)
 .literal.esp_rom_spiflash_write
                0x0000000040080be4        0x0 /home/li/esp32/workspace/spi_receive/receiver/build/spi_flash/libspi_flash.a(spi_flash_rom_patch.o)
                                         0x28 (size before relaxing)
 .literal.esp_rom_spiflash_write_encrypted
                0x0000000040080be4        0xc /home/li/esp32/workspace/spi_receive/receiver/build/spi_flash/libspi_flash.a(spi_flash_rom_patch.o)
                                         0x10 (size before relaxing)
 .literal.esp_rom_spiflash_read
                0x0000000040080bf0       0x2c /home/li/esp32/workspace/spi_receive/receiver/build/spi_flash/libspi_flash.a(spi_flash_rom_patch.o)
                                         0x5c (size before relaxing)
 .iram1         0x0000000040080c1c      0x2b8 /home/li/esp32/workspace/spi_receive/receiver/build/esp32/libesp32.a(cpu_start.o)
                                        0x32c (size before relaxing)
                0x0000000040080c1c                start_cpu0
                0x0000000040080c1c                start_cpu0_default
                0x0000000040080cc0                start_cpu1_default
                0x0000000040080cc0                start_cpu1
                0x0000000040080d74                call_start_cpu0
 .iram1         0x0000000040080ed4       0x98 /home/li/esp32/workspace/spi_receive/receiver/build/esp32/libesp32.a(crosscore_int.o)
                                         0xa8 (size before relaxing)
                0x0000000040080f18                esp_crosscore_int_send_yield
 .iram1         0x0000000040080f6c      0x125 /home/li/esp32/workspace/spi_receive/receiver/build/esp32/libesp32.a(dport_access.o)
                                        0x131 (size before relaxing)
                0x0000000040080f6c                esp_dport_access_stall_other_cpu_start
                0x000000004008100c                esp_dport_access_stall_other_cpu_end
                0x0000000040081084                esp_dport_access_stall_other_cpu_start_wrap
                0x000000004008108c                esp_dport_access_stall_other_cpu_end_wrap
 *fill*         0x0000000040081091        0x3 
 .iram1         0x0000000040081094      0x1f6 /home/li/esp32/workspace/spi_receive/receiver/build/esp32/libesp32.a(intr_alloc.o)
                                        0x20a (size before relaxing)
                0x00000000400810d0                esp_intr_enable
                0x0000000040081158                esp_intr_disable
                0x00000000400811e8                esp_intr_noniram_disable
                0x0000000040081234                esp_intr_noniram_enable
                0x0000000040081274                ets_isr_unmask
                0x0000000040081280                ets_isr_mask
 *fill*         0x000000004008128a        0x2 
 .iram1         0x000000004008128c       0x53 /home/li/esp32/workspace/spi_receive/receiver/build/esp32/libesp32.a(int_wdt.o)
 *fill*         0x00000000400812df        0x1 
 .iram1         0x00000000400812e0       0x7f /home/li/esp32/workspace/spi_receive/receiver/build/esp32/libesp32.a(ipc.o)
                                         0x8b (size before relaxing)
 *fill*         0x000000004008135f        0x1 
 .iram1         0x0000000040081360      0x14c /home/li/esp32/workspace/spi_receive/receiver/build/esp32/libesp32.a(system_api.o)
                                        0x15e (size before relaxing)
                0x0000000040081360                esp_restart_noos
                0x00000000400814a0                esp_restart
                0x00000000400814a0                system_restart
 *fill*         0x00000000400814ac        0x0 
 .iram1         0x00000000400814ac       0x2c /home/li/esp32/workspace/spi_receive/receiver/build/esp32/libesp32.a(cache_err_int.o)
                0x00000000400814ac                esp_cache_err_get_cpuid
 .iram1         0x00000000400814d8        0xf /home/li/esp32/workspace/spi_receive/receiver/build/esp32/libesp32.a(clk.o)
                0x00000000400814d8                ets_update_cpu_frequency
 *fill*         0x00000000400814e7        0x1 
 .iram1         0x00000000400814e8       0x1c /home/li/esp32/workspace/spi_receive/receiver/build/esp32/libesp32.a(freertos_hooks.o)
                0x00000000400814e8                esp_vApplicationTickHook
 .iram1         0x0000000040081504      0x56e /home/li/esp32/workspace/spi_receive/receiver/build/freertos/libfreertos.a(xtensa_vectors.o)
                0x0000000040081504                _xt_panic
                0x000000004008161c                _xt_user_exit
                0x00000000400818ec                _xt_medint2_exit
                0x0000000040081978                _xt_medint3_exit
 *fill*         0x0000000040081a72        0x2 
 .iram1         0x0000000040081a74      0x17a /home/li/esp32/workspace/spi_receive/receiver/build/log/liblog.a(log.o)
                                        0x186 (size before relaxing)
                0x0000000040081a74                esp_log_write
                0x0000000040081ba4                esp_log_early_timestamp
                0x0000000040081bb8                esp_log_timestamp
 *fill*         0x0000000040081bee        0x2 
 .iram1         0x0000000040081bf0      0x1cc /home/li/esp32/workspace/spi_receive/receiver/build/newlib/libnewlib.a(locks.o)
                                        0x210 (size before relaxing)
                0x0000000040081d08                _lock_init
                0x0000000040081d18                _lock_init_recursive
                0x0000000040081d28                _lock_close
                0x0000000040081d64                _lock_acquire
                0x0000000040081d74                _lock_acquire_recursive
                0x0000000040081d84                _lock_try_acquire
                0x0000000040081d94                _lock_try_acquire_recursive
                0x0000000040081da4                _lock_release
                0x0000000040081db0                _lock_release_recursive
 .iram1         0x0000000040081dbc       0x3c /home/li/esp32/workspace/spi_receive/receiver/build/newlib/libnewlib.a(reent_init.o)
                0x0000000040081dbc                esp_reent_init
 .iram1         0x0000000040081df8       0x76 /home/li/esp32/workspace/spi_receive/receiver/build/newlib/libnewlib.a(syscalls.o)
                                         0x86 (size before relaxing)
                0x0000000040081df8                _malloc_r
                0x0000000040081e04                _free_r
                0x0000000040081e10                _realloc_r
                0x0000000040081e50                _calloc_r
 *fill*         0x0000000040081e6e        0x2 
 .iram1         0x0000000040081e70       0xb4 /home/li/esp32/workspace/spi_receive/receiver/build/newlib/libnewlib.a(time.o)
                                         0xbc (size before relaxing)
                0x0000000040081eb8                _gettimeofday_r
                0x0000000040081efc                _times_r
 .iram1         0x0000000040081f24       0xf6 /home/li/esp32/workspace/spi_receive/receiver/build/soc/libsoc.a(cpu_util.o)
                0x0000000040081f24                esp_cpu_stall
                0x0000000040081fb8                esp_cpu_unstall
                0x000000004008200c                esp_cpu_in_ocd_debug_mode
 *fill*         0x000000004008201a        0x2 
 .iram1         0x000000004008201c      0x330 /home/li/esp32/workspace/spi_receive/receiver/build/spi_flash/libspi_flash.a(cache_utils.o)
                                        0x398 (size before relaxing)
                0x000000004008212c                spi_flash_op_block_func
                0x000000004008217c                spi_flash_disable_interrupts_caches_and_other_cpu
                0x0000000040082240                spi_flash_enable_interrupts_caches_and_other_cpu
                0x00000000400822d0                spi_flash_disable_interrupts_caches_and_other_cpu_no_os
                0x00000000400822fc                spi_flash_enable_interrupts_caches_no_os
                0x0000000040082318                spi_flash_cache_enabled
 .iram1         0x000000004008234c      0x579 /home/li/esp32/workspace/spi_receive/receiver/build/spi_flash/libspi_flash.a(flash_ops.o)
                                        0x59d (size before relaxing)
                0x00000000400823ac                spi_flash_guard_set
                0x00000000400823b8                spi_flash_get_chip_size
                0x00000000400823c4                spi_flash_erase_range
                0x0000000040082468                spi_flash_erase_sector
                0x0000000040082478                spi_flash_write
                0x0000000040082600                spi_flash_read
                0x0000000040082784                spi_flash_read_encrypted
                0x00000000400827d0                spi_flash_write_encrypted
 *fill*         0x00000000400828c5        0x3 
 .iram1         0x00000000400828c8      0x3b6 /home/li/esp32/workspace/spi_receive/receiver/build/spi_flash/libspi_flash.a(flash_mmap.o)
                                        0x3d2 (size before relaxing)
                0x00000000400829c0                spi_flash_mmap
                0x0000000040082b90                spi_flash_munmap
                0x0000000040082c34                spi_flash_mark_modified_region
 *fill*         0x0000000040082c7e        0x2 
 .iram1         0x0000000040082c80      0x18d /home/li/esp32/workspace/spi_receive/receiver/build/vfs/libvfs.a(vfs_uart.o)
                                        0x1a9 (size before relaxing)
 *fill*         0x0000000040082e0d        0x3 
 .iram1         0x0000000040082e10      0x42e /home/li/esp32/workspace/spi_receive/receiver/build/driver/libdriver.a(spi_slave.o)
                                        0x44a (size before relaxing)
 *fill*         0x000000004008323e        0x2 
 .iram1         0x0000000040083240      0x11b /home/li/esp32/workspace/spi_receive/receiver/build/driver/libdriver.a(spi_common.o)
                                        0x13f (size before relaxing)
                0x0000000040083240                spicommon_dmaworkaround_req_reset
                0x00000000400832b8                spicommon_dmaworkaround_reset_in_progress
                0x00000000400832cc                spicommon_dmaworkaround_idle
                0x0000000040083338                spicommon_dmaworkaround_transfer_active
 *fill*         0x000000004008335b        0x0 
 *fill*         0x000000004008335b        0x0 
 *fill*         0x000000004008335b        0x0 
 *fill*         0x000000004008335b        0x0 
 *fill*         0x000000004008335b        0x0 
 *fill*         0x000000004008335b        0x0 
 *fill*         0x000000004008335b        0x0 
 *fill*         0x000000004008335b        0x0 
 *fill*         0x000000004008335b        0x0 
 *fill*         0x000000004008335b        0x0 
 *fill*         0x000000004008335b        0x0 
 *fill*         0x000000004008335b        0x0 
 *fill*         0x000000004008335b        0x0 
 *fill*         0x000000004008335b        0x0 
 *libfreertos.a:(.literal .text .literal.* .text.*)
 *fill*         0x000000004008335b        0x1 
 .text.prvInsertBlockIntoFreeList
                0x000000004008335c       0x9f /home/li/esp32/workspace/spi_receive/receiver/build/freertos/libfreertos.a(heap_regions.o)
 *fill*         0x00000000400833fb        0x1 
 .text.pvPortMallocTagged
                0x00000000400833fc      0x114 /home/li/esp32/workspace/spi_receive/receiver/build/freertos/libfreertos.a(heap_regions.o)
                                        0x123 (size before relaxing)
                0x00000000400833fc                pvPortMallocTagged
 *fill*         0x0000000040083510        0x0 
 .text.vPortFreeTagged
                0x0000000040083510       0x88 /home/li/esp32/workspace/spi_receive/receiver/build/freertos/libfreertos.a(heap_regions.o)
                                         0x94 (size before relaxing)
                0x0000000040083510                vPortFreeTagged
 .text.vPortDefineHeapRegionsTagged
                0x0000000040083598      0x185 /home/li/esp32/workspace/spi_receive/receiver/build/freertos/libfreertos.a(heap_regions.o)
                                        0x191 (size before relaxing)
                0x0000000040083598                vPortDefineHeapRegionsTagged
 *fill*         0x000000004008371d        0x3 
 .text.pxPortInitialiseStack
                0x0000000040083720       0x50 /home/li/esp32/workspace/spi_receive/receiver/build/freertos/libfreertos.a(port.o)
                0x0000000040083720                pxPortInitialiseStack
 .text.xPortStartScheduler
                0x0000000040083770       0x22 /home/li/esp32/workspace/spi_receive/receiver/build/freertos/libfreertos.a(port.o)
                                         0x2e (size before relaxing)
                0x0000000040083770                xPortStartScheduler
 *fill*         0x0000000040083792        0x2 
 .text.xPortSysTickHandler
                0x0000000040083794       0x10 /home/li/esp32/workspace/spi_receive/receiver/build/freertos/libfreertos.a(port.o)
                                         0x16 (size before relaxing)
                0x0000000040083794                xPortSysTickHandler
 *fill*         0x00000000400837a4        0x0 
 .text.vPortYieldOtherCore
                0x00000000400837a4        0xa /home/li/esp32/workspace/spi_receive/receiver/build/freertos/libfreertos.a(port.o)
                                          0xe (size before relaxing)
                0x00000000400837a4                vPortYieldOtherCore
 *fill*         0x00000000400837ae        0x2 
 .text.vPortReleaseTaskMPUSettings
                0x00000000400837b0        0xa /home/li/esp32/workspace/spi_receive/receiver/build/freertos/libfreertos.a(port.o)
                                          0xe (size before relaxing)
                0x00000000400837b0                vPortReleaseTaskMPUSettings
 *fill*         0x00000000400837ba        0x2 
 .text.xPortInIsrContext
                0x00000000400837bc       0x26 /home/li/esp32/workspace/spi_receive/receiver/build/freertos/libfreertos.a(port.o)
                0x00000000400837bc                xPortInIsrContext
 *fill*         0x00000000400837e2        0x2 
 .text.vPortCPUInitializeMutex
                0x00000000400837e4        0xd /home/li/esp32/workspace/spi_receive/receiver/build/freertos/libfreertos.a(port.o)
                0x00000000400837e4                vPortCPUInitializeMutex
 *fill*         0x00000000400837f1        0x3 
 .text.vPortCPUAcquireMutex
                0x00000000400837f4       0x62 /home/li/esp32/workspace/spi_receive/receiver/build/freertos/libfreertos.a(port.o)
                0x00000000400837f4                vPortCPUAcquireMutex
 *fill*         0x0000000040083856        0x2 
 .text.vPortCPUReleaseMutex
                0x0000000040083858       0x63 /home/li/esp32/workspace/spi_receive/receiver/build/freertos/libfreertos.a(port.o)
                0x0000000040083858                vPortCPUReleaseMutex
 *fill*         0x00000000400838bb        0x1 
 .text.vPortFirstTaskHook
                0x00000000400838bc        0xa /home/li/esp32/workspace/spi_receive/receiver/build/freertos/libfreertos.a(port.o)
                                          0xe (size before relaxing)
                0x00000000400838bc                vPortFirstTaskHook
 *fill*         0x00000000400838c6        0x2 
 .text.prvIsQueueFull
                0x00000000400838c8       0x2a /home/li/esp32/workspace/spi_receive/receiver/build/freertos/libfreertos.a(queue.o)
 *fill*         0x00000000400838f2        0x2 
 .text.prvCopyDataToQueue
                0x00000000400838f4       0x9e /home/li/esp32/workspace/spi_receive/receiver/build/freertos/libfreertos.a(queue.o)
 *fill*         0x0000000040083992        0x2 
 .text.prvNotifyQueueSetContainer
                0x0000000040083994       0x6a /home/li/esp32/workspace/spi_receive/receiver/build/freertos/libfreertos.a(queue.o)
                                         0x76 (size before relaxing)
 *fill*         0x00000000400839fe        0x2 
 .text.prvCopyDataFromQueue
                0x0000000040083a00       0x24 /home/li/esp32/workspace/spi_receive/receiver/build/freertos/libfreertos.a(queue.o)
 .text.xQueueGenericReset
                0x0000000040083a24       0x86 /home/li/esp32/workspace/spi_receive/receiver/build/freertos/libfreertos.a(queue.o)
                                         0x96 (size before relaxing)
                0x0000000040083a24                xQueueGenericReset
 *fill*         0x0000000040083aaa        0x2 
 .text.prvInitialiseNewQueue
                0x0000000040083aac       0x1f /home/li/esp32/workspace/spi_receive/receiver/build/freertos/libfreertos.a(queue.o)
                                         0x23 (size before relaxing)
 *fill*         0x0000000040083acb        0x1 
 .text.xQueueGenericCreate
                0x0000000040083acc       0x45 /home/li/esp32/workspace/spi_receive/receiver/build/freertos/libfreertos.a(queue.o)
                                         0x4d (size before relaxing)
                0x0000000040083acc                xQueueGenericCreate
 *fill*         0x0000000040083b11        0x3 
 .text.xQueueGetMutexHolder
                0x0000000040083b14       0x23 /home/li/esp32/workspace/spi_receive/receiver/build/freertos/libfreertos.a(queue.o)
                0x0000000040083b14                xQueueGetMutexHolder
 *fill*         0x0000000040083b37        0x1 
 .text.xQueueGenericSend
                0x0000000040083b38      0x158 /home/li/esp32/workspace/spi_receive/receiver/build/freertos/libfreertos.a(queue.o)
                                        0x18c (size before relaxing)
                0x0000000040083b38                xQueueGenericSend
 .text.prvInitialiseMutex
                0x0000000040083c90       0x22 /home/li/esp32/workspace/spi_receive/receiver/build/freertos/libfreertos.a(queue.o)
                                         0x26 (size before relaxing)
 *fill*         0x0000000040083cb2        0x2 
 .text.xQueueCreateMutex
                0x0000000040083cb4       0x16 /home/li/esp32/workspace/spi_receive/receiver/build/freertos/libfreertos.a(queue.o)
                                         0x1a (size before relaxing)
                0x0000000040083cb4                xQueueCreateMutex
 *fill*         0x0000000040083cca        0x2 
 .text.xQueueGiveMutexRecursive
                0x0000000040083ccc       0x48 /home/li/esp32/workspace/spi_receive/receiver/build/freertos/libfreertos.a(queue.o)
                                         0x4c (size before relaxing)
                0x0000000040083ccc                xQueueGiveMutexRecursive
 .text.xQueueGenericSendFromISR
                0x0000000040083d14       0xd6 /home/li/esp32/workspace/spi_receive/receiver/build/freertos/libfreertos.a(queue.o)
                                         0xe6 (size before relaxing)
                0x0000000040083d14                xQueueGenericSendFromISR
 *fill*         0x0000000040083dea        0x2 
 .text.xQueueGiveFromISR
                0x0000000040083dec       0xb6 /home/li/esp32/workspace/spi_receive/receiver/build/freertos/libfreertos.a(queue.o)
                                         0xc2 (size before relaxing)
                0x0000000040083dec                xQueueGiveFromISR
 *fill*         0x0000000040083ea2        0x2 
 .text.xQueueGenericReceive
                0x0000000040083ea4      0x144 /home/li/esp32/workspace/spi_receive/receiver/build/freertos/libfreertos.a(queue.o)
                                        0x178 (size before relaxing)
                0x0000000040083ea4                xQueueGenericReceive
 .text.xQueueTakeMutexRecursive
                0x0000000040083fe8       0x51 /home/li/esp32/workspace/spi_receive/receiver/build/freertos/libfreertos.a(queue.o)
                0x0000000040083fe8                xQueueTakeMutexRecursive
 *fill*         0x0000000040084039        0x3 
 .text.xQueueReceiveFromISR
                0x000000004008403c       0x96 /home/li/esp32/workspace/spi_receive/receiver/build/freertos/libfreertos.a(queue.o)
                                         0xa6 (size before relaxing)
                0x000000004008403c                xQueueReceiveFromISR
 *fill*         0x00000000400840d2        0x2 
 .text.vQueueDelete
                0x00000000400840d4       0x25 /home/li/esp32/workspace/spi_receive/receiver/build/freertos/libfreertos.a(queue.o)
                                         0x28 (size before relaxing)
                0x00000000400840d4                vQueueDelete
 *fill*         0x00000000400840f9        0x3 
 .text.vQueueWaitForMessageRestricted
                0x00000000400840fc       0x23 /home/li/esp32/workspace/spi_receive/receiver/build/freertos/libfreertos.a(queue.o)
                                         0x2a (size before relaxing)
                0x00000000400840fc                vQueueWaitForMessageRestricted
 *fill*         0x000000004008411f        0x1 
 .text.prvResetNextTaskUnblockTime
                0x0000000040084120       0x34 /home/li/esp32/workspace/spi_receive/receiver/build/freertos/libfreertos.a(tasks.o)
 .text.prvInitialiseNewTask
                0x0000000040084154       0xc6 /home/li/esp32/workspace/spi_receive/receiver/build/freertos/libfreertos.a(tasks.o)
                                         0xd2 (size before relaxing)
 *fill*         0x000000004008421a        0x2 
 .text.prvInitialiseTaskLists
                0x000000004008421c       0x5a /home/li/esp32/workspace/spi_receive/receiver/build/freertos/libfreertos.a(tasks.o)
                                         0x6e (size before relaxing)
 *fill*         0x0000000040084276        0x2 
 .text.prvAddCurrentTaskToDelayedList
                0x0000000040084278       0x66 /home/li/esp32/workspace/spi_receive/receiver/build/freertos/libfreertos.a(tasks.o)
                                         0x6a (size before relaxing)
 *fill*         0x00000000400842de        0x2 
 .text.prvDeleteTCB
                0x00000000400842e0       0x4a /home/li/esp32/workspace/spi_receive/receiver/build/freertos/libfreertos.a(tasks.o)
                                         0x5d (size before relaxing)
 *fill*         0x000000004008432a        0x2 
 .text.taskYIELD_OTHER_CORE
                0x000000004008432c       0x53 /home/li/esp32/workspace/spi_receive/receiver/build/freertos/libfreertos.a(tasks.o)
                0x000000004008432c                taskYIELD_OTHER_CORE
 *fill*         0x000000004008437f        0x1 
 .text.vTaskSuspendAll
                0x0000000040084380       0x26 /home/li/esp32/workspace/spi_receive/receiver/build/freertos/libfreertos.a(tasks.o)
                0x0000000040084380                vTaskSuspendAll
 *fill*         0x00000000400843a6        0x2 
 .text.vTaskSwitchContext
                0x00000000400843a8      0x27e /home/li/esp32/workspace/spi_receive/receiver/build/freertos/libfreertos.a(tasks.o)
                                        0x286 (size before relaxing)
                0x00000000400843a8                vTaskSwitchContext
 *fill*         0x0000000040084626        0x2 
 .text.vTaskSetTimeOutState
                0x0000000040084628       0x34 /home/li/esp32/workspace/spi_receive/receiver/build/freertos/libfreertos.a(tasks.o)
                0x0000000040084628                vTaskSetTimeOutState
 .text.xTaskGetCurrentTaskHandle
                0x000000004008465c       0x1f /home/li/esp32/workspace/spi_receive/receiver/build/freertos/libfreertos.a(tasks.o)
                0x000000004008465c                xTaskGetCurrentTaskHandle
 *fill*         0x000000004008467b        0x1 
 .text.__getreent
                0x000000004008467c       0x19 /home/li/esp32/workspace/spi_receive/receiver/build/freertos/libfreertos.a(tasks.o)
                0x000000004008467c                __getreent
 *fill*         0x0000000040084695        0x3 
 .text.pcTaskGetTaskName
                0x0000000040084698       0x2a /home/li/esp32/workspace/spi_receive/receiver/build/freertos/libfreertos.a(tasks.o)
                                         0x2d (size before relaxing)
                0x0000000040084698                pcTaskGetTaskName
 *fill*         0x00000000400846c2        0x2 
 .text.xTaskGetAffinity
                0x00000000400846c4       0x10 /home/li/esp32/workspace/spi_receive/receiver/build/freertos/libfreertos.a(tasks.o)
                                         0x13 (size before relaxing)
                0x00000000400846c4                xTaskGetAffinity
 *fill*         0x00000000400846d4        0x0 
 .text.xTaskGetCurrentTaskHandleForCPU
                0x00000000400846d4       0x18 /home/li/esp32/workspace/spi_receive/receiver/build/freertos/libfreertos.a(tasks.o)
                0x00000000400846d4                xTaskGetCurrentTaskHandleForCPU
 .text.xTaskGetSchedulerState
                0x00000000400846ec       0x37 /home/li/esp32/workspace/spi_receive/receiver/build/freertos/libfreertos.a(tasks.o)
                0x00000000400846ec                xTaskGetSchedulerState
 *fill*         0x0000000040084723        0x1 
 .text.vTaskEnterCritical
                0x0000000040084724       0x72 /home/li/esp32/workspace/spi_receive/receiver/build/freertos/libfreertos.a(tasks.o)
                                         0x76 (size before relaxing)
                0x0000000040084724                vTaskEnterCritical
 *fill*         0x0000000040084796        0x2 
 .text.vTaskExitCritical
                0x0000000040084798       0x6e /home/li/esp32/workspace/spi_receive/receiver/build/freertos/libfreertos.a(tasks.o)
                                         0x72 (size before relaxing)
                0x0000000040084798                vTaskExitCritical
 *fill*         0x0000000040084806        0x2 
 .text.prvAddNewTaskToReadyList
                0x0000000040084808      0x174 /home/li/esp32/workspace/spi_receive/receiver/build/freertos/libfreertos.a(tasks.o)
                                        0x187 (size before relaxing)
 *fill*         0x000000004008497c        0x0 
 .text.xTaskCreatePinnedToCore
                0x000000004008497c       0x65 /home/li/esp32/workspace/spi_receive/receiver/build/freertos/libfreertos.a(tasks.o)
                                         0x71 (size before relaxing)
                0x000000004008497c                xTaskCreatePinnedToCore
 *fill*         0x00000000400849e1        0x3 
 .text.vTaskStartScheduler
                0x00000000400849e4       0x63 /home/li/esp32/workspace/spi_receive/receiver/build/freertos/libfreertos.a(tasks.o)
                                         0x6e (size before relaxing)
                0x00000000400849e4                vTaskStartScheduler
 *fill*         0x0000000040084a47        0x1 
 .text.vTaskDelete
                0x0000000040084a48       0xe0 /home/li/esp32/workspace/spi_receive/receiver/build/freertos/libfreertos.a(tasks.o)
                                        0x100 (size before relaxing)
                0x0000000040084a48                vTaskDelete
 .text.prvCheckTasksWaitingTermination
                0x0000000040084b28       0x90 /home/li/esp32/workspace/spi_receive/receiver/build/freertos/libfreertos.a(tasks.o)
                                         0x97 (size before relaxing)
 *fill*         0x0000000040084bb8        0x0 
 .text.prvIdleTask
                0x0000000040084bb8        0xc /home/li/esp32/workspace/spi_receive/receiver/build/freertos/libfreertos.a(tasks.o)
                                         0x12 (size before relaxing)
 *fill*         0x0000000040084bc4        0x0 
 .text.xTaskGetTickCount
                0x0000000040084bc4       0x1c /home/li/esp32/workspace/spi_receive/receiver/build/freertos/libfreertos.a(tasks.o)
                                         0x20 (size before relaxing)
                0x0000000040084bc4                xTaskGetTickCount
 .text.xTaskIncrementTick
                0x0000000040084be0      0x1b2 /home/li/esp32/workspace/spi_receive/receiver/build/freertos/libfreertos.a(tasks.o)
                                        0x1ce (size before relaxing)
                0x0000000040084be0                xTaskIncrementTick
 *fill*         0x0000000040084d92        0x2 
 .text.xTaskResumeAll
                0x0000000040084d94      0x17f /home/li/esp32/workspace/spi_receive/receiver/build/freertos/libfreertos.a(tasks.o)
                                        0x192 (size before relaxing)
                0x0000000040084d94                xTaskResumeAll
 *fill*         0x0000000040084f13        0x1 
 .text.vTaskPlaceOnEventList
                0x0000000040084f14       0x8f /home/li/esp32/workspace/spi_receive/receiver/build/freertos/libfreertos.a(tasks.o)
                                         0xa3 (size before relaxing)
                0x0000000040084f14                vTaskPlaceOnEventList
 *fill*         0x0000000040084fa3        0x1 
 .text.vTaskPlaceOnEventListRestricted
                0x0000000040084fa4       0x6b /home/li/esp32/workspace/spi_receive/receiver/build/freertos/libfreertos.a(tasks.o)
                                         0x7f (size before relaxing)
                0x0000000040084fa4                vTaskPlaceOnEventListRestricted
 *fill*         0x000000004008500f        0x1 
 .text.xTaskRemoveFromEventList
                0x0000000040085010      0x104 /home/li/esp32/workspace/spi_receive/receiver/build/freertos/libfreertos.a(tasks.o)
                                        0x113 (size before relaxing)
                0x0000000040085010                xTaskRemoveFromEventList
 *fill*         0x0000000040085114        0x0 
 .text.xTaskCheckForTimeOut
                0x0000000040085114       0x8b /home/li/esp32/workspace/spi_receive/receiver/build/freertos/libfreertos.a(tasks.o)
                                         0x96 (size before relaxing)
                0x0000000040085114                xTaskCheckForTimeOut
 *fill*         0x000000004008519f        0x1 
 .text.vTaskPriorityInherit
                0x00000000400851a0       0xc4 /home/li/esp32/workspace/spi_receive/receiver/build/freertos/libfreertos.a(tasks.o)
                                         0xdb (size before relaxing)
                0x00000000400851a0                vTaskPriorityInherit
 *fill*         0x0000000040085264        0x0 
 .text.xTaskPriorityDisinherit
                0x0000000040085264       0x97 /home/li/esp32/workspace/spi_receive/receiver/build/freertos/libfreertos.a(tasks.o)
                                         0xaa (size before relaxing)
                0x0000000040085264                xTaskPriorityDisinherit
 *fill*         0x00000000400852fb        0x1 
 .text.pvTaskIncrementMutexHeldCount
                0x00000000400852fc       0x50 /home/li/esp32/workspace/spi_receive/receiver/build/freertos/libfreertos.a(tasks.o)
                                         0x54 (size before relaxing)
                0x00000000400852fc                pvTaskIncrementMutexHeldCount
 .text.prvGetNextExpireTime
                0x000000004008534c       0x20 /home/li/esp32/workspace/spi_receive/receiver/build/freertos/libfreertos.a(timers.o)
 .text.prvInsertTimerInActiveList
                0x000000004008536c       0x50 /home/li/esp32/workspace/spi_receive/receiver/build/freertos/libfreertos.a(timers.o)
                                         0x54 (size before relaxing)
 .text.prvCheckForValidListAndQueue
                0x00000000400853bc       0x66 /home/li/esp32/workspace/spi_receive/receiver/build/freertos/libfreertos.a(timers.o)
                                         0x7e (size before relaxing)
 *fill*         0x0000000040085422        0x2 
 .text.xTimerCreateTimerTask
                0x0000000040085424       0x48 /home/li/esp32/workspace/spi_receive/receiver/build/freertos/libfreertos.a(timers.o)
                                         0x4c (size before relaxing)
                0x0000000040085424                xTimerCreateTimerTask
 .text.xTimerGenericCommand
                0x000000004008546c       0x55 /home/li/esp32/workspace/spi_receive/receiver/build/freertos/libfreertos.a(timers.o)
                                         0x5d (size before relaxing)
                0x000000004008546c                xTimerGenericCommand
 *fill*         0x00000000400854c1        0x3 
 .text.prvSwitchTimerLists
                0x00000000400854c4       0x76 /home/li/esp32/workspace/spi_receive/receiver/build/freertos/libfreertos.a(timers.o)
                                         0x82 (size before relaxing)
 *fill*         0x000000004008553a        0x2 
 .text.prvSampleTimeNow
                0x000000004008553c       0x2b /home/li/esp32/workspace/spi_receive/receiver/build/freertos/libfreertos.a(timers.o)
                                         0x2f (size before relaxing)
 *fill*         0x0000000040085567        0x1 
 .text.prvProcessExpiredTimer
                0x0000000040085568       0x53 /home/li/esp32/workspace/spi_receive/receiver/build/freertos/libfreertos.a(timers.o)
                                         0x5f (size before relaxing)
 *fill*         0x00000000400855bb        0x1 
 .text.prvProcessTimerOrBlockTask
                0x00000000400855bc       0x58 /home/li/esp32/workspace/spi_receive/receiver/build/freertos/libfreertos.a(timers.o)
                                         0x6c (size before relaxing)
 .text.prvProcessReceivedCommands
                0x0000000040085614       0xd2 /home/li/esp32/workspace/spi_receive/receiver/build/freertos/libfreertos.a(timers.o)
                                         0xe6 (size before relaxing)
 *fill*         0x00000000400856e6        0x2 
 .text.prvTimerTask
                0x00000000400856e8       0x15 /home/li/esp32/workspace/spi_receive/receiver/build/freertos/libfreertos.a(timers.o)
                                         0x1d (size before relaxing)
 *fill*         0x00000000400856fd        0x3 
 .text._xt_tick_divisor_init
                0x0000000040085700        0xd /home/li/esp32/workspace/spi_receive/receiver/build/freertos/libfreertos.a(xtensa_init.o)
                0x0000000040085700                _xt_tick_divisor_init
 *fill*         0x000000004008570d        0x3 
 .text.xt_unhandled_interrupt
                0x0000000040085710       0x16 /home/li/esp32/workspace/spi_receive/receiver/build/freertos/libfreertos.a(xtensa_intr.o)
                0x0000000040085710                xt_unhandled_interrupt
 *fill*         0x0000000040085726        0x2 
 .text.xt_set_interrupt_handler
                0x0000000040085728       0x4a /home/li/esp32/workspace/spi_receive/receiver/build/freertos/libfreertos.a(xtensa_intr.o)
                0x0000000040085728                xt_set_interrupt_handler
 *fill*         0x0000000040085772        0x2 
 .text          0x0000000040085774      0x1cc /home/li/esp32/workspace/spi_receive/receiver/build/freertos/libfreertos.a(portasm.o)
                0x0000000040085774                _frxt_setup_switch
                0x000000004008578c                _frxt_int_enter
                0x00000000400857d4                _frxt_int_exit
                0x0000000040085824                _frxt_timer_int
                0x0000000040085848                _frxt_tick_timer_init
                0x0000000040085860                _frxt_dispatch
                0x00000000400858a8                vPortYield
                0x00000000400858f4                vPortYieldFromInt
                0x0000000040085914                _frxt_task_coproc_state
 .text          0x0000000040085940      0x12b /home/li/esp32/workspace/spi_receive/receiver/build/freertos/libfreertos.a(xtensa_context.o)
                0x0000000040085940                _xt_context_save
                0x00000000400859a8                _xt_context_restore
                0x00000000400859ec                _xt_coproc_init
                0x0000000040085a00                _xt_coproc_release
                0x0000000040085a2c                _xt_coproc_savecs
                0x0000000040085a4c                _xt_coproc_restorecs
 *fill*         0x0000000040085a6b        0x0 
 *fill*         0x0000000040085a6b        0x0 
 *fill*         0x0000000040085a6b        0x0 
 *fill*         0x0000000040085a6b        0x0 
 *fill*         0x0000000040085a6b        0x0 
 *fill*         0x0000000040085a6b        0x0 
 *fill*         0x0000000040085a6b        0x1 
 .text.vPortStoreTaskMPUSettings
                0x0000000040085a6c       0x13 /home/li/esp32/workspace/spi_receive/receiver/build/freertos/libfreertos.a(port.o)
                0x0000000040085a6c                vPortStoreTaskMPUSettings
 *fill*         0x0000000040085a7f        0x0 
 *fill*         0x0000000040085a7f        0x0 
 *fill*         0x0000000040085a7f        0x0 
 *fill*         0x0000000040085a7f        0x0 
 *fill*         0x0000000040085a7f        0x0 
 *fill*         0x0000000040085a7f        0x0 
 *fill*         0x0000000040085a7f        0x1 
 .text.prvIsQueueEmpty
                0x0000000040085a80       0x12 /home/li/esp32/workspace/spi_receive/receiver/build/freertos/libfreertos.a(queue.o)
 *fill*         0x0000000040085a92        0x0 
 *fill*         0x0000000040085a92        0x0 
 *fill*         0x0000000040085a92        0x0 
 *fill*         0x0000000040085a92        0x0 
 *fill*         0x0000000040085a92        0x0 
 *fill*         0x0000000040085a92        0x0 
 *fill*         0x0000000040085a92        0x0 
 *fill*         0x0000000040085a92        0x0 
 *fill*         0x0000000040085a92        0x0 
 *fill*         0x0000000040085a92        0x0 
 *fill*         0x0000000040085a92        0x0 
 *fill*         0x0000000040085a92        0x0 
 *fill*         0x0000000040085a92        0x0 
 *fill*         0x0000000040085a92        0x0 
 *fill*         0x0000000040085a92        0x0 
 *fill*         0x0000000040085a92        0x0 
 *fill*         0x0000000040085a92        0x0 
 *fill*         0x0000000040085a92        0x0 
 *fill*         0x0000000040085a92        0x0 
 *fill*         0x0000000040085a92        0x0 
 *fill*         0x0000000040085a92        0x0 
 *fill*         0x0000000040085a92        0x0 
 *fill*         0x0000000040085a92        0x0 
 *fill*         0x0000000040085a92        0x0 
 *fill*         0x0000000040085a92        0x0 
 *fill*         0x0000000040085a92        0x0 
 *fill*         0x0000000040085a92        0x0 
 *fill*         0x0000000040085a92        0x0 
 *fill*         0x0000000040085a92        0x0 
 *fill*         0x0000000040085a92        0x0 
 *fill*         0x0000000040085a92        0x0 
 *fill*         0x0000000040085a92        0x0 
 *fill*         0x0000000040085a92        0x0 
 *fill*         0x0000000040085a92        0x0 
 *fill*         0x0000000040085a92        0x0 
 *fill*         0x0000000040085a92        0x0 
 *fill*         0x0000000040085a92        0x0 
 *fill*         0x0000000040085a92        0x0 
 *fill*         0x0000000040085a92        0x0 
 *fill*         0x0000000040085a92        0x0 
 *fill*         0x0000000040085a92        0x0 
 *fill*         0x0000000040085a92        0x0 
 *fill*         0x0000000040085a92        0x0 
 *fill*         0x0000000040085a92        0x0 
 *fill*         0x0000000040085a92        0x0 
 *fill*         0x0000000040085a92        0x0 
 *fill*         0x0000000040085a92        0x0 
 *fill*         0x0000000040085a92        0x0 
 *fill*         0x0000000040085a92        0x0 
 *fill*         0x0000000040085a92        0x0 
 *fill*         0x0000000040085a92        0x0 
 *fill*         0x0000000040085a92        0x0 
 *fill*         0x0000000040085a92        0x2 
 .text          0x0000000040085a94       0x33 /home/li/esp32/workspace/spi_receive/receiver/build/freertos/libfreertos.a(xtensa_intr_asm.o)
                0x0000000040085a94                xt_ints_on
                0x0000000040085aac                xt_ints_off
 *fill*         0x0000000040085ac7        0x1 
 .text.vListInitialise
                0x0000000040085ac8       0x15 /home/li/esp32/workspace/spi_receive/receiver/build/freertos/libfreertos.a(list.o)
                0x0000000040085ac8                vListInitialise
 *fill*         0x0000000040085add        0x3 
 .text.vListInitialiseItem
                0x0000000040085ae0        0x9 /home/li/esp32/workspace/spi_receive/receiver/build/freertos/libfreertos.a(list.o)
                0x0000000040085ae0                vListInitialiseItem
 *fill*         0x0000000040085ae9        0x3 
 .text.vListInsertEnd
                0x0000000040085aec       0x1b /home/li/esp32/workspace/spi_receive/receiver/build/freertos/libfreertos.a(list.o)
                0x0000000040085aec                vListInsertEnd
 *fill*         0x0000000040085b07        0x1 
 .text.vListInsert
                0x0000000040085b08       0x2f /home/li/esp32/workspace/spi_receive/receiver/build/freertos/libfreertos.a(list.o)
                0x0000000040085b08                vListInsert
 *fill*         0x0000000040085b37        0x1 
 .text.uxListRemove
                0x0000000040085b38       0x26 /home/li/esp32/workspace/spi_receive/receiver/build/freertos/libfreertos.a(list.o)
                0x0000000040085b38                uxListRemove
 *libesp32.a:panic.o(.literal .text .literal.* .text.*)
 *fill*         0x0000000040085b5e        0x2 
 .text.panicPutChar
                0x0000000040085b60       0x1e /home/li/esp32/workspace/spi_receive/receiver/build/esp32/libesp32.a(panic.o)
 *fill*         0x0000000040085b7e        0x2 
 .text.panicPutStr
                0x0000000040085b80       0x1a /home/li/esp32/workspace/spi_receive/receiver/build/esp32/libesp32.a(panic.o)
 *fill*         0x0000000040085b9a        0x2 
 .text.panicPutHex
                0x0000000040085b9c       0x2c /home/li/esp32/workspace/spi_receive/receiver/build/esp32/libesp32.a(panic.o)
                                         0x2f (size before relaxing)
 *fill*         0x0000000040085bc8        0x0 
 .text.panicPutDec
                0x0000000040085bc8       0x3c /home/li/esp32/workspace/spi_receive/receiver/build/esp32/libesp32.a(panic.o)
                                         0x46 (size before relaxing)
 *fill*         0x0000000040085c04        0x0 
 .text.reconfigureAllWdts
                0x0000000040085c04       0xa8 /home/li/esp32/workspace/spi_receive/receiver/build/esp32/libesp32.a(panic.o)
 .text.putEntry
                0x0000000040085cac       0x2b /home/li/esp32/workspace/spi_receive/receiver/build/esp32/libesp32.a(panic.o)
                                         0x37 (size before relaxing)
 *fill*         0x0000000040085cd7        0x1 
 .text.doBacktrace
                0x0000000040085cd8       0x71 /home/li/esp32/workspace/spi_receive/receiver/build/esp32/libesp32.a(panic.o)
                                         0x78 (size before relaxing)
 *fill*         0x0000000040085d49        0x3 
 .text.invoke_abort
                0x0000000040085d4c       0x1d /home/li/esp32/workspace/spi_receive/receiver/build/esp32/libesp32.a(panic.o)
 *fill*         0x0000000040085d69        0x3 
 .text.haltOtherCore
                0x0000000040085d6c       0x18 /home/li/esp32/workspace/spi_receive/receiver/build/esp32/libesp32.a(panic.o)
 .text.esp_panic_wdt_start
                0x0000000040085d84       0x84 /home/li/esp32/workspace/spi_receive/receiver/build/esp32/libesp32.a(panic.o)
                                         0x88 (size before relaxing)
 .text.esp_panic_dig_reset
                0x0000000040085e08       0x33 /home/li/esp32/workspace/spi_receive/receiver/build/esp32/libesp32.a(panic.o)
                                         0x37 (size before relaxing)
 *fill*         0x0000000040085e3b        0x1 
 .text.abort    0x0000000040085e3c       0x2a /home/li/esp32/workspace/spi_receive/receiver/build/esp32/libesp32.a(panic.o)
                                         0x2d (size before relaxing)
                0x0000000040085e3c                abort
 *fill*         0x0000000040085e66        0x2 
 .text.vApplicationStackOverflowHook
                0x0000000040085e68       0x17 /home/li/esp32/workspace/spi_receive/receiver/build/esp32/libesp32.a(panic.o)
                                         0x23 (size before relaxing)
                0x0000000040085e68                vApplicationStackOverflowHook
 *fill*         0x0000000040085e7f        0x1 
 .text.esp_panic_wdt_stop
                0x0000000040085e80       0x44 /home/li/esp32/workspace/spi_receive/receiver/build/esp32/libesp32.a(panic.o)
                0x0000000040085e80                esp_panic_wdt_stop
 .text.commonErrorHandler
                0x0000000040085ec4       0x87 /home/li/esp32/workspace/spi_receive/receiver/build/esp32/libesp32.a(panic.o)
                                         0xae (size before relaxing)
 *fill*         0x0000000040085f4b        0x1 
 .text.panicHandler
                0x0000000040085f4c       0xd3 /home/li/esp32/workspace/spi_receive/receiver/build/esp32/libesp32.a(panic.o)
                                        0x102 (size before relaxing)
                0x0000000040085f4c                panicHandler
 *fill*         0x000000004008601f        0x1 
 .text.xt_unhandled_exception
                0x0000000040086020       0x6f /home/li/esp32/workspace/spi_receive/receiver/build/esp32/libesp32.a(panic.o)
                                         0x99 (size before relaxing)
                0x0000000040086020                xt_unhandled_exception
 *fill*         0x000000004008608f        0x1 
 .text.esp_set_breakpoint_if_jtag
                0x0000000040086090        0xf /home/li/esp32/workspace/spi_receive/receiver/build/esp32/libesp32.a(panic.o)
                                         0x16 (size before relaxing)
                0x0000000040086090                esp_set_breakpoint_if_jtag
 *fill*         0x000000004008609f        0x1 
 .text._esp_error_check_failed
                0x00000000400860a0       0x3c /home/li/esp32/workspace/spi_receive/receiver/build/esp32/libesp32.a(panic.o)
                                         0x43 (size before relaxing)
                0x00000000400860a0                _esp_error_check_failed
 *fill*         0x00000000400860dc        0x0 
 *fill*         0x00000000400860dc        0x0 
 *fill*         0x00000000400860dc        0x0 
 *fill*         0x00000000400860dc        0x0 
 *fill*         0x00000000400860dc        0x0 
 .text.setFirstBreakpoint
                0x00000000400860dc       0x13 /home/li/esp32/workspace/spi_receive/receiver/build/esp32/libesp32.a(panic.o)
 *fill*         0x00000000400860ef        0x0 
 *fill*         0x00000000400860ef        0x0 
 *fill*         0x00000000400860ef        0x0 
 *fill*         0x00000000400860ef        0x0 
 *fill*         0x00000000400860ef        0x0 
 *fill*         0x00000000400860ef        0x0 
 *fill*         0x00000000400860ef        0x0 
 *fill*         0x00000000400860ef        0x0 
 *fill*         0x00000000400860ef        0x0 
 *fill*         0x00000000400860ef        0x0 
 *libesp32.a:core_dump.o(.literal .text .literal.* .text.*)
 *libesp32.a:heap_alloc_caps.o(.literal .text .literal.* .text.*)
 *fill*         0x00000000400860ef        0x1 
 .text.disable_mem_region
                0x00000000400860f0       0xe2 /home/li/esp32/workspace/spi_receive/receiver/build/esp32/libesp32.a(heap_alloc_caps.o)
 *fill*         0x00000000400861d2        0x2 
 .text.dram_alloc_to_iram_addr
                0x00000000400861d4       0x83 /home/li/esp32/workspace/spi_receive/receiver/build/esp32/libesp32.a(heap_alloc_caps.o)
                                         0x8b (size before relaxing)
 *fill*         0x0000000040086257        0x1 
 .text.heap_alloc_enable_nonos_stack_tag
                0x0000000040086258        0xd /home/li/esp32/workspace/spi_receive/receiver/build/esp32/libesp32.a(heap_alloc_caps.o)
                0x0000000040086258                heap_alloc_enable_nonos_stack_tag
 *fill*         0x0000000040086265        0x3 
 .text.heap_alloc_caps_init
                0x0000000040086268      0x11b /home/li/esp32/workspace/spi_receive/receiver/build/esp32/libesp32.a(heap_alloc_caps.o)
                                        0x137 (size before relaxing)
                0x0000000040086268                heap_alloc_caps_init
 *fill*         0x0000000040086383        0x1 
 .text.vPortFree
                0x0000000040086384       0x22 /home/li/esp32/workspace/spi_receive/receiver/build/esp32/libesp32.a(heap_alloc_caps.o)
                                         0x26 (size before relaxing)
                0x0000000040086384                vPortFree
 *fill*         0x00000000400863a6        0x2 
 .text.pvPortMallocCaps
                0x00000000400863a8       0xc9 /home/li/esp32/workspace/spi_receive/receiver/build/esp32/libesp32.a(heap_alloc_caps.o)
                                         0xcd (size before relaxing)
                0x00000000400863a8                pvPortMallocCaps
 *fill*         0x0000000040086471        0x3 
 .text.pvPortMalloc
                0x0000000040086474       0x11 /home/li/esp32/workspace/spi_receive/receiver/build/esp32/libesp32.a(heap_alloc_caps.o)
                0x0000000040086474                pvPortMalloc
 *fill*         0x0000000040086485        0x0 
 *fill*         0x0000000040086485        0x0 
 *fill*         0x0000000040086485        0x0 
 *fill*         0x0000000040086485        0x0 
 *fill*         0x0000000040086485        0x0 
 *fill*         0x0000000040086485        0x0 
 *fill*         0x0000000040086485        0x0 
 *libesp32.a:app_trace.o(.literal .text .literal.* .text.*)
 *libphy.a:(.literal .text .literal.* .text.*)